// Jest Snapshot v1, https://goo.gl/fbAQLP

exports[`Pruebas en FirstApp debe hacer match con el snapshot 1`] = `
<div>
  <h1
    data-testid="test-title"
  >
    title
  </h1>
  <h3>
    No hay subtitulo
  </h3>
  <h3>
    No hay subtitulo
  </h3>
  <p>
    10
  </p>
  <p>
    Hola Mundo
  </p>
</div>
`;
